// Jest Snapshot v1, https://goo.gl/fbAQLP

exports[`receives GitHub name from GitHub REST API using jest fetch mock 1`] = `
Object {
  "asFragment": [Function],
  "baseElement": <body>
    <div>
      <div
        class="GitHubCard"
      >
        <h1>
          Ryan's Github Profile Info:
        </h1>
        <h2 />
        <div
          class="card"
          style="width: 100%; background-image: url(https://avatars.githubusercontent.com/u/93347623?v=4); height: 500px; background-repeat: no-repeat; background-position: center; background-color: lightblue; background-size: 200px 200px;"
        >
          <div
            class="paragraph card-subtitle h6"
            style="font-size: 15px;"
          >
             
            Self-belief and hard work will always earn you success.
             
          </div>
        </div>
      </div>
    </div>
  </body>,
  "container": <div>
    <div
      class="GitHubCard"
    >
      <h1>
        Ryan's Github Profile Info:
      </h1>
      <h2 />
      <div
        class="card"
        style="width: 100%; background-image: url(https://avatars.githubusercontent.com/u/93347623?v=4); height: 500px; background-repeat: no-repeat; background-position: center; background-color: lightblue; background-size: 200px 200px;"
      >
        <div
          class="paragraph card-subtitle h6"
          style="font-size: 15px;"
        >
           
          Self-belief and hard work will always earn you success.
           
        </div>
      </div>
    </div>
  </div>,
  "debug": [Function],
  "findAllByAltText": [Function],
  "findAllByDisplayValue": [Function],
  "findAllByLabelText": [Function],
  "findAllByPlaceholderText": [Function],
  "findAllByRole": [Function],
  "findAllByTestId": [Function],
  "findAllByText": [Function],
  "findAllByTitle": [Function],
  "findByAltText": [Function],
  "findByDisplayValue": [Function],
  "findByLabelText": [Function],
  "findByPlaceholderText": [Function],
  "findByRole": [Function],
  "findByTestId": [Function],
  "findByText": [Function],
  "findByTitle": [Function],
  "getAllByAltText": [Function],
  "getAllByDisplayValue": [Function],
  "getAllByLabelText": [Function],
  "getAllByPlaceholderText": [Function],
  "getAllByRole": [Function],
  "getAllByTestId": [Function],
  "getAllByText": [Function],
  "getAllByTitle": [Function],
  "getByAltText": [Function],
  "getByDisplayValue": [Function],
  "getByLabelText": [Function],
  "getByPlaceholderText": [Function],
  "getByRole": [Function],
  "getByTestId": [Function],
  "getByText": [Function],
  "getByTitle": [Function],
  "queryAllByAltText": [Function],
  "queryAllByDisplayValue": [Function],
  "queryAllByLabelText": [Function],
  "queryAllByPlaceholderText": [Function],
  "queryAllByRole": [Function],
  "queryAllByTestId": [Function],
  "queryAllByText": [Function],
  "queryAllByTitle": [Function],
  "queryByAltText": [Function],
  "queryByDisplayValue": [Function],
  "queryByLabelText": [Function],
  "queryByPlaceholderText": [Function],
  "queryByRole": [Function],
  "queryByTestId": [Function],
  "queryByText": [Function],
  "queryByTitle": [Function],
  "rerender": [Function],
  "unmount": [Function],
}
`;
